<!doctype html public "-//w3c//dtd html 4.0 transitional//en">
<html><head>
<title>Static Call Graph - [.\Objects\q5_2.axf]</title></head>
<body><HR>
<H1>Static Call Graph for image .\Objects\q5_2.axf</H1><HR>
<BR><P>#&#060CALLGRAPH&#062# ARM Linker, 6140002: Last Updated: Fri Jun 11 23:13:43 2021
<BR><P>
<H3>Maximum Stack Usage =          0 bytes + Unknown(Functions without stacksize, Cycles, Untraceable Function Pointers)</H3><H3>
Call chain for Maximum Stack Depth:</H3>

<P>
<H3>
Functions with no stack information
</H3><UL>
 <LI><a href="#[38]">__user_initial_stackheap</a>
 <LI><a href="#[37]">__main</a>
</UL>
</UL>
<P>
<H3>
Mutually Recursive functions
</H3> <LI><a href="#[1]">NMI_Handler</a>&nbsp;&nbsp;&nbsp;&rArr;&nbsp;&nbsp;&nbsp;<a href="#[1]">NMI_Handler</a><BR>
 <LI><a href="#[2]">HardFault_Handler</a>&nbsp;&nbsp;&nbsp;&rArr;&nbsp;&nbsp;&nbsp;<a href="#[2]">HardFault_Handler</a><BR>
 <LI><a href="#[3]">MemManage_Handler</a>&nbsp;&nbsp;&nbsp;&rArr;&nbsp;&nbsp;&nbsp;<a href="#[3]">MemManage_Handler</a><BR>
 <LI><a href="#[4]">BusFault_Handler</a>&nbsp;&nbsp;&nbsp;&rArr;&nbsp;&nbsp;&nbsp;<a href="#[4]">BusFault_Handler</a><BR>
 <LI><a href="#[5]">UsageFault_Handler</a>&nbsp;&nbsp;&nbsp;&rArr;&nbsp;&nbsp;&nbsp;<a href="#[5]">UsageFault_Handler</a><BR>
 <LI><a href="#[6]">SVC_Handler</a>&nbsp;&nbsp;&nbsp;&rArr;&nbsp;&nbsp;&nbsp;<a href="#[6]">SVC_Handler</a><BR>
 <LI><a href="#[7]">DebugMon_Handler</a>&nbsp;&nbsp;&nbsp;&rArr;&nbsp;&nbsp;&nbsp;<a href="#[7]">DebugMon_Handler</a><BR>
 <LI><a href="#[8]">PendSV_Handler</a>&nbsp;&nbsp;&nbsp;&rArr;&nbsp;&nbsp;&nbsp;<a href="#[8]">PendSV_Handler</a><BR>
 <LI><a href="#[9]">SysTick_Handler</a>&nbsp;&nbsp;&nbsp;&rArr;&nbsp;&nbsp;&nbsp;<a href="#[9]">SysTick_Handler</a><BR>
 <LI><a href="#[2f]">ADC_IRQHandler</a>&nbsp;&nbsp;&nbsp;&rArr;&nbsp;&nbsp;&nbsp;<a href="#[2f]">ADC_IRQHandler</a><BR>
</UL>
<P>
<H3>
Function Pointers
</H3><UL>
 <LI><a href="#[2f]">ADC_IRQHandler</a> from startup_sam3xa.o(.text) referenced from startup_sam3xa.o(RESET)
 <LI><a href="#[4]">BusFault_Handler</a> from startup_sam3xa.o(.text) referenced from startup_sam3xa.o(RESET)
 <LI><a href="#[35]">CAN0_IRQHandler</a> from startup_sam3xa.o(.text) referenced from startup_sam3xa.o(RESET)
 <LI><a href="#[36]">CAN1_IRQHandler</a> from startup_sam3xa.o(.text) referenced from startup_sam3xa.o(RESET)
 <LI><a href="#[30]">DACC_IRQHandler</a> from startup_sam3xa.o(.text) referenced from startup_sam3xa.o(RESET)
 <LI><a href="#[31]">DMAC_IRQHandler</a> from startup_sam3xa.o(.text) referenced from startup_sam3xa.o(RESET)
 <LI><a href="#[7]">DebugMon_Handler</a> from startup_sam3xa.o(.text) referenced from startup_sam3xa.o(RESET)
 <LI><a href="#[10]">EFC0_IRQHandler</a> from startup_sam3xa.o(.text) referenced from startup_sam3xa.o(RESET)
 <LI><a href="#[11]">EFC1_IRQHandler</a> from startup_sam3xa.o(.text) referenced from startup_sam3xa.o(RESET)
 <LI><a href="#[34]">EMAC_IRQHandler</a> from startup_sam3xa.o(.text) referenced from startup_sam3xa.o(RESET)
 <LI><a href="#[1f]">HSMCI_IRQHandler</a> from startup_sam3xa.o(.text) referenced from startup_sam3xa.o(RESET)
 <LI><a href="#[2]">HardFault_Handler</a> from startup_sam3xa.o(.text) referenced from startup_sam3xa.o(RESET)
 <LI><a href="#[3]">MemManage_Handler</a> from startup_sam3xa.o(.text) referenced from startup_sam3xa.o(RESET)
 <LI><a href="#[1]">NMI_Handler</a> from startup_sam3xa.o(.text) referenced from startup_sam3xa.o(RESET)
 <LI><a href="#[15]">PIOA_IRQHandler</a> from startup_sam3xa.o(.text) referenced from startup_sam3xa.o(RESET)
 <LI><a href="#[16]">PIOB_IRQHandler</a> from startup_sam3xa.o(.text) referenced from startup_sam3xa.o(RESET)
 <LI><a href="#[17]">PIOC_IRQHandler</a> from startup_sam3xa.o(.text) referenced from startup_sam3xa.o(RESET)
 <LI><a href="#[18]">PIOD_IRQHandler</a> from startup_sam3xa.o(.text) referenced from startup_sam3xa.o(RESET)
 <LI><a href="#[19]">PIOE_IRQHandler</a> from startup_sam3xa.o(.text) referenced from startup_sam3xa.o(RESET)
 <LI><a href="#[1a]">PIOF_IRQHandler</a> from startup_sam3xa.o(.text) referenced from startup_sam3xa.o(RESET)
 <LI><a href="#[f]">PMC_IRQHandler</a> from startup_sam3xa.o(.text) referenced from startup_sam3xa.o(RESET)
 <LI><a href="#[2e]">PWM_IRQHandler</a> from startup_sam3xa.o(.text) referenced from startup_sam3xa.o(RESET)
 <LI><a href="#[8]">PendSV_Handler</a> from startup_sam3xa.o(.text) referenced from startup_sam3xa.o(RESET)
 <LI><a href="#[b]">RSTC_IRQHandler</a> from startup_sam3xa.o(.text) referenced from startup_sam3xa.o(RESET)
 <LI><a href="#[c]">RTC_IRQHandler</a> from startup_sam3xa.o(.text) referenced from startup_sam3xa.o(RESET)
 <LI><a href="#[d]">RTT_IRQHandler</a> from startup_sam3xa.o(.text) referenced from startup_sam3xa.o(RESET)
 <LI><a href="#[0]">Reset_Handler</a> from startup_sam3xa.o(.text) referenced from startup_sam3xa.o(RESET)
 <LI><a href="#[14]">SDRAMC_IRQHandler</a> from startup_sam3xa.o(.text) referenced from startup_sam3xa.o(RESET)
 <LI><a href="#[13]">SMC_IRQHandler</a> from startup_sam3xa.o(.text) referenced from startup_sam3xa.o(RESET)
 <LI><a href="#[22]">SPI0_IRQHandler</a> from startup_sam3xa.o(.text) referenced from startup_sam3xa.o(RESET)
 <LI><a href="#[23]">SPI1_IRQHandler</a> from startup_sam3xa.o(.text) referenced from startup_sam3xa.o(RESET)
 <LI><a href="#[24]">SSC_IRQHandler</a> from startup_sam3xa.o(.text) referenced from startup_sam3xa.o(RESET)
 <LI><a href="#[a]">SUPC_IRQHandler</a> from startup_sam3xa.o(.text) referenced from startup_sam3xa.o(RESET)
 <LI><a href="#[6]">SVC_Handler</a> from startup_sam3xa.o(.text) referenced from startup_sam3xa.o(RESET)
 <LI><a href="#[9]">SysTick_Handler</a> from startup_sam3xa.o(.text) referenced from startup_sam3xa.o(RESET)
 <LI><a href="#[25]">TC0_IRQHandler</a> from startup_sam3xa.o(.text) referenced from startup_sam3xa.o(RESET)
 <LI><a href="#[26]">TC1_IRQHandler</a> from startup_sam3xa.o(.text) referenced from startup_sam3xa.o(RESET)
 <LI><a href="#[27]">TC2_IRQHandler</a> from startup_sam3xa.o(.text) referenced from startup_sam3xa.o(RESET)
 <LI><a href="#[28]">TC3_IRQHandler</a> from startup_sam3xa.o(.text) referenced from startup_sam3xa.o(RESET)
 <LI><a href="#[29]">TC4_IRQHandler</a> from startup_sam3xa.o(.text) referenced from startup_sam3xa.o(RESET)
 <LI><a href="#[2a]">TC5_IRQHandler</a> from startup_sam3xa.o(.text) referenced from startup_sam3xa.o(RESET)
 <LI><a href="#[2b]">TC6_IRQHandler</a> from startup_sam3xa.o(.text) referenced from startup_sam3xa.o(RESET)
 <LI><a href="#[2c]">TC7_IRQHandler</a> from startup_sam3xa.o(.text) referenced from startup_sam3xa.o(RESET)
 <LI><a href="#[2d]">TC8_IRQHandler</a> from startup_sam3xa.o(.text) referenced from startup_sam3xa.o(RESET)
 <LI><a href="#[33]">TRNG_IRQHandler</a> from startup_sam3xa.o(.text) referenced from startup_sam3xa.o(RESET)
 <LI><a href="#[20]">TWI0_IRQHandler</a> from startup_sam3xa.o(.text) referenced from startup_sam3xa.o(RESET)
 <LI><a href="#[21]">TWI1_IRQHandler</a> from startup_sam3xa.o(.text) referenced from startup_sam3xa.o(RESET)
 <LI><a href="#[12]">UART_IRQHandler</a> from startup_sam3xa.o(.text) referenced from startup_sam3xa.o(RESET)
 <LI><a href="#[32]">UOTGHS_IRQHandler</a> from startup_sam3xa.o(.text) referenced from startup_sam3xa.o(RESET)
 <LI><a href="#[1b]">USART0_IRQHandler</a> from startup_sam3xa.o(.text) referenced from startup_sam3xa.o(RESET)
 <LI><a href="#[1c]">USART1_IRQHandler</a> from startup_sam3xa.o(.text) referenced from startup_sam3xa.o(RESET)
 <LI><a href="#[1d]">USART2_IRQHandler</a> from startup_sam3xa.o(.text) referenced from startup_sam3xa.o(RESET)
 <LI><a href="#[1e]">USART3_IRQHandler</a> from startup_sam3xa.o(.text) referenced from startup_sam3xa.o(RESET)
 <LI><a href="#[5]">UsageFault_Handler</a> from startup_sam3xa.o(.text) referenced from startup_sam3xa.o(RESET)
 <LI><a href="#[e]">WDT_IRQHandler</a> from startup_sam3xa.o(.text) referenced from startup_sam3xa.o(RESET)
 <LI><a href="#[37]">__main</a> from q5_2.o(myCode) referenced from startup_sam3xa.o(.text)
</UL>
<P>
<H3>
Global Symbols
</H3>
<P><STRONG><a name="[0]"></a>Reset_Handler</STRONG> (Thumb, 4 bytes, Stack size 0 bytes, startup_sam3xa.o(.text))
<BR>[Address Reference Count : 1]<UL><LI> startup_sam3xa.o(RESET)
</UL>
<P><STRONG><a name="[1]"></a>NMI_Handler</STRONG> (Thumb, 2 bytes, Stack size 0 bytes, startup_sam3xa.o(.text))
<BR><BR>[Calls]<UL><LI><a href="#[1]">&gt;&gt;</a>&nbsp;&nbsp;&nbsp;NMI_Handler
</UL>
<BR>[Called By]<UL><LI><a href="#[1]">&gt;&gt;</a>&nbsp;&nbsp;&nbsp;NMI_Handler
</UL>
<BR>[Address Reference Count : 1]<UL><LI> startup_sam3xa.o(RESET)
</UL>
<P><STRONG><a name="[2]"></a>HardFault_Handler</STRONG> (Thumb, 2 bytes, Stack size 0 bytes, startup_sam3xa.o(.text))
<BR><BR>[Calls]<UL><LI><a href="#[2]">&gt;&gt;</a>&nbsp;&nbsp;&nbsp;HardFault_Handler
</UL>
<BR>[Called By]<UL><LI><a href="#[2]">&gt;&gt;</a>&nbsp;&nbsp;&nbsp;HardFault_Handler
</UL>
<BR>[Address Reference Count : 1]<UL><LI> startup_sam3xa.o(RESET)
</UL>
<P><STRONG><a name="[3]"></a>MemManage_Handler</STRONG> (Thumb, 2 bytes, Stack size 0 bytes, startup_sam3xa.o(.text))
<BR><BR>[Calls]<UL><LI><a href="#[3]">&gt;&gt;</a>&nbsp;&nbsp;&nbsp;MemManage_Handler
</UL>
<BR>[Called By]<UL><LI><a href="#[3]">&gt;&gt;</a>&nbsp;&nbsp;&nbsp;MemManage_Handler
</UL>
<BR>[Address Reference Count : 1]<UL><LI> startup_sam3xa.o(RESET)
</UL>
<P><STRONG><a name="[4]"></a>BusFault_Handler</STRONG> (Thumb, 2 bytes, Stack size 0 bytes, startup_sam3xa.o(.text))
<BR><BR>[Calls]<UL><LI><a href="#[4]">&gt;&gt;</a>&nbsp;&nbsp;&nbsp;BusFault_Handler
</UL>
<BR>[Called By]<UL><LI><a href="#[4]">&gt;&gt;</a>&nbsp;&nbsp;&nbsp;BusFault_Handler
</UL>
<BR>[Address Reference Count : 1]<UL><LI> startup_sam3xa.o(RESET)
</UL>
<P><STRONG><a name="[5]"></a>UsageFault_Handler</STRONG> (Thumb, 2 bytes, Stack size 0 bytes, startup_sam3xa.o(.text))
<BR><BR>[Calls]<UL><LI><a href="#[5]">&gt;&gt;</a>&nbsp;&nbsp;&nbsp;UsageFault_Handler
</UL>
<BR>[Called By]<UL><LI><a href="#[5]">&gt;&gt;</a>&nbsp;&nbsp;&nbsp;UsageFault_Handler
</UL>
<BR>[Address Reference Count : 1]<UL><LI> startup_sam3xa.o(RESET)
</UL>
<P><STRONG><a name="[6]"></a>SVC_Handler</STRONG> (Thumb, 2 bytes, Stack size 0 bytes, startup_sam3xa.o(.text))
<BR><BR>[Calls]<UL><LI><a href="#[6]">&gt;&gt;</a>&nbsp;&nbsp;&nbsp;SVC_Handler
</UL>
<BR>[Called By]<UL><LI><a href="#[6]">&gt;&gt;</a>&nbsp;&nbsp;&nbsp;SVC_Handler
</UL>
<BR>[Address Reference Count : 1]<UL><LI> startup_sam3xa.o(RESET)
</UL>
<P><STRONG><a name="[7]"></a>DebugMon_Handler</STRONG> (Thumb, 2 bytes, Stack size 0 bytes, startup_sam3xa.o(.text))
<BR><BR>[Calls]<UL><LI><a href="#[7]">&gt;&gt;</a>&nbsp;&nbsp;&nbsp;DebugMon_Handler
</UL>
<BR>[Called By]<UL><LI><a href="#[7]">&gt;&gt;</a>&nbsp;&nbsp;&nbsp;DebugMon_Handler
</UL>
<BR>[Address Reference Count : 1]<UL><LI> startup_sam3xa.o(RESET)
</UL>
<P><STRONG><a name="[8]"></a>PendSV_Handler</STRONG> (Thumb, 2 bytes, Stack size 0 bytes, startup_sam3xa.o(.text))
<BR><BR>[Calls]<UL><LI><a href="#[8]">&gt;&gt;</a>&nbsp;&nbsp;&nbsp;PendSV_Handler
</UL>
<BR>[Called By]<UL><LI><a href="#[8]">&gt;&gt;</a>&nbsp;&nbsp;&nbsp;PendSV_Handler
</UL>
<BR>[Address Reference Count : 1]<UL><LI> startup_sam3xa.o(RESET)
</UL>
<P><STRONG><a name="[9]"></a>SysTick_Handler</STRONG> (Thumb, 2 bytes, Stack size 0 bytes, startup_sam3xa.o(.text))
<BR><BR>[Calls]<UL><LI><a href="#[9]">&gt;&gt;</a>&nbsp;&nbsp;&nbsp;SysTick_Handler
</UL>
<BR>[Called By]<UL><LI><a href="#[9]">&gt;&gt;</a>&nbsp;&nbsp;&nbsp;SysTick_Handler
</UL>
<BR>[Address Reference Count : 1]<UL><LI> startup_sam3xa.o(RESET)
</UL>
<P><STRONG><a name="[2f]"></a>ADC_IRQHandler</STRONG> (Thumb, 0 bytes, Stack size 0 bytes, startup_sam3xa.o(.text))
<BR><BR>[Calls]<UL><LI><a href="#[2f]">&gt;&gt;</a>&nbsp;&nbsp;&nbsp;ADC_IRQHandler
</UL>
<BR>[Called By]<UL><LI><a href="#[2f]">&gt;&gt;</a>&nbsp;&nbsp;&nbsp;ADC_IRQHandler
</UL>
<BR>[Address Reference Count : 1]<UL><LI> startup_sam3xa.o(RESET)
</UL>
<P><STRONG><a name="[35]"></a>CAN0_IRQHandler</STRONG> (Thumb, 0 bytes, Stack size 0 bytes, startup_sam3xa.o(.text))
<BR>[Address Reference Count : 1]<UL><LI> startup_sam3xa.o(RESET)
</UL>
<P><STRONG><a name="[36]"></a>CAN1_IRQHandler</STRONG> (Thumb, 0 bytes, Stack size 0 bytes, startup_sam3xa.o(.text))
<BR>[Address Reference Count : 1]<UL><LI> startup_sam3xa.o(RESET)
</UL>
<P><STRONG><a name="[30]"></a>DACC_IRQHandler</STRONG> (Thumb, 0 bytes, Stack size 0 bytes, startup_sam3xa.o(.text))
<BR>[Address Reference Count : 1]<UL><LI> startup_sam3xa.o(RESET)
</UL>
<P><STRONG><a name="[31]"></a>DMAC_IRQHandler</STRONG> (Thumb, 0 bytes, Stack size 0 bytes, startup_sam3xa.o(.text))
<BR>[Address Reference Count : 1]<UL><LI> startup_sam3xa.o(RESET)
</UL>
<P><STRONG><a name="[10]"></a>EFC0_IRQHandler</STRONG> (Thumb, 0 bytes, Stack size 0 bytes, startup_sam3xa.o(.text))
<BR>[Address Reference Count : 1]<UL><LI> startup_sam3xa.o(RESET)
</UL>
<P><STRONG><a name="[11]"></a>EFC1_IRQHandler</STRONG> (Thumb, 0 bytes, Stack size 0 bytes, startup_sam3xa.o(.text))
<BR>[Address Reference Count : 1]<UL><LI> startup_sam3xa.o(RESET)
</UL>
<P><STRONG><a name="[34]"></a>EMAC_IRQHandler</STRONG> (Thumb, 0 bytes, Stack size 0 bytes, startup_sam3xa.o(.text))
<BR>[Address Reference Count : 1]<UL><LI> startup_sam3xa.o(RESET)
</UL>
<P><STRONG><a name="[1f]"></a>HSMCI_IRQHandler</STRONG> (Thumb, 0 bytes, Stack size 0 bytes, startup_sam3xa.o(.text))
<BR>[Address Reference Count : 1]<UL><LI> startup_sam3xa.o(RESET)
</UL>
<P><STRONG><a name="[15]"></a>PIOA_IRQHandler</STRONG> (Thumb, 0 bytes, Stack size 0 bytes, startup_sam3xa.o(.text))
<BR>[Address Reference Count : 1]<UL><LI> startup_sam3xa.o(RESET)
</UL>
<P><STRONG><a name="[16]"></a>PIOB_IRQHandler</STRONG> (Thumb, 0 bytes, Stack size 0 bytes, startup_sam3xa.o(.text))
<BR>[Address Reference Count : 1]<UL><LI> startup_sam3xa.o(RESET)
</UL>
<P><STRONG><a name="[17]"></a>PIOC_IRQHandler</STRONG> (Thumb, 0 bytes, Stack size 0 bytes, startup_sam3xa.o(.text))
<BR>[Address Reference Count : 1]<UL><LI> startup_sam3xa.o(RESET)
</UL>
<P><STRONG><a name="[18]"></a>PIOD_IRQHandler</STRONG> (Thumb, 0 bytes, Stack size 0 bytes, startup_sam3xa.o(.text))
<BR>[Address Reference Count : 1]<UL><LI> startup_sam3xa.o(RESET)
</UL>
<P><STRONG><a name="[19]"></a>PIOE_IRQHandler</STRONG> (Thumb, 0 bytes, Stack size 0 bytes, startup_sam3xa.o(.text))
<BR>[Address Reference Count : 1]<UL><LI> startup_sam3xa.o(RESET)
</UL>
<P><STRONG><a name="[1a]"></a>PIOF_IRQHandler</STRONG> (Thumb, 0 bytes, Stack size 0 bytes, startup_sam3xa.o(.text))
<BR>[Address Reference Count : 1]<UL><LI> startup_sam3xa.o(RESET)
</UL>
<P><STRONG><a name="[f]"></a>PMC_IRQHandler</STRONG> (Thumb, 0 bytes, Stack size 0 bytes, startup_sam3xa.o(.text))
<BR>[Address Reference Count : 1]<UL><LI> startup_sam3xa.o(RESET)
</UL>
<P><STRONG><a name="[2e]"></a>PWM_IRQHandler</STRONG> (Thumb, 0 bytes, Stack size 0 bytes, startup_sam3xa.o(.text))
<BR>[Address Reference Count : 1]<UL><LI> startup_sam3xa.o(RESET)
</UL>
<P><STRONG><a name="[b]"></a>RSTC_IRQHandler</STRONG> (Thumb, 0 bytes, Stack size 0 bytes, startup_sam3xa.o(.text))
<BR>[Address Reference Count : 1]<UL><LI> startup_sam3xa.o(RESET)
</UL>
<P><STRONG><a name="[c]"></a>RTC_IRQHandler</STRONG> (Thumb, 0 bytes, Stack size 0 bytes, startup_sam3xa.o(.text))
<BR>[Address Reference Count : 1]<UL><LI> startup_sam3xa.o(RESET)
</UL>
<P><STRONG><a name="[d]"></a>RTT_IRQHandler</STRONG> (Thumb, 0 bytes, Stack size 0 bytes, startup_sam3xa.o(.text))
<BR>[Address Reference Count : 1]<UL><LI> startup_sam3xa.o(RESET)
</UL>
<P><STRONG><a name="[14]"></a>SDRAMC_IRQHandler</STRONG> (Thumb, 0 bytes, Stack size 0 bytes, startup_sam3xa.o(.text))
<BR>[Address Reference Count : 1]<UL><LI> startup_sam3xa.o(RESET)
</UL>
<P><STRONG><a name="[13]"></a>SMC_IRQHandler</STRONG> (Thumb, 0 bytes, Stack size 0 bytes, startup_sam3xa.o(.text))
<BR>[Address Reference Count : 1]<UL><LI> startup_sam3xa.o(RESET)
</UL>
<P><STRONG><a name="[22]"></a>SPI0_IRQHandler</STRONG> (Thumb, 0 bytes, Stack size 0 bytes, startup_sam3xa.o(.text))
<BR>[Address Reference Count : 1]<UL><LI> startup_sam3xa.o(RESET)
</UL>
<P><STRONG><a name="[23]"></a>SPI1_IRQHandler</STRONG> (Thumb, 0 bytes, Stack size 0 bytes, startup_sam3xa.o(.text))
<BR>[Address Reference Count : 1]<UL><LI> startup_sam3xa.o(RESET)
</UL>
<P><STRONG><a name="[24]"></a>SSC_IRQHandler</STRONG> (Thumb, 0 bytes, Stack size 0 bytes, startup_sam3xa.o(.text))
<BR>[Address Reference Count : 1]<UL><LI> startup_sam3xa.o(RESET)
</UL>
<P><STRONG><a name="[a]"></a>SUPC_IRQHandler</STRONG> (Thumb, 0 bytes, Stack size 0 bytes, startup_sam3xa.o(.text))
<BR>[Address Reference Count : 1]<UL><LI> startup_sam3xa.o(RESET)
</UL>
<P><STRONG><a name="[25]"></a>TC0_IRQHandler</STRONG> (Thumb, 0 bytes, Stack size 0 bytes, startup_sam3xa.o(.text))
<BR>[Address Reference Count : 1]<UL><LI> startup_sam3xa.o(RESET)
</UL>
<P><STRONG><a name="[26]"></a>TC1_IRQHandler</STRONG> (Thumb, 0 bytes, Stack size 0 bytes, startup_sam3xa.o(.text))
<BR>[Address Reference Count : 1]<UL><LI> startup_sam3xa.o(RESET)
</UL>
<P><STRONG><a name="[27]"></a>TC2_IRQHandler</STRONG> (Thumb, 0 bytes, Stack size 0 bytes, startup_sam3xa.o(.text))
<BR>[Address Reference Count : 1]<UL><LI> startup_sam3xa.o(RESET)
</UL>
<P><STRONG><a name="[28]"></a>TC3_IRQHandler</STRONG> (Thumb, 0 bytes, Stack size 0 bytes, startup_sam3xa.o(.text))
<BR>[Address Reference Count : 1]<UL><LI> startup_sam3xa.o(RESET)
</UL>
<P><STRONG><a name="[29]"></a>TC4_IRQHandler</STRONG> (Thumb, 0 bytes, Stack size 0 bytes, startup_sam3xa.o(.text))
<BR>[Address Reference Count : 1]<UL><LI> startup_sam3xa.o(RESET)
</UL>
<P><STRONG><a name="[2a]"></a>TC5_IRQHandler</STRONG> (Thumb, 0 bytes, Stack size 0 bytes, startup_sam3xa.o(.text))
<BR>[Address Reference Count : 1]<UL><LI> startup_sam3xa.o(RESET)
</UL>
<P><STRONG><a name="[2b]"></a>TC6_IRQHandler</STRONG> (Thumb, 0 bytes, Stack size 0 bytes, startup_sam3xa.o(.text))
<BR>[Address Reference Count : 1]<UL><LI> startup_sam3xa.o(RESET)
</UL>
<P><STRONG><a name="[2c]"></a>TC7_IRQHandler</STRONG> (Thumb, 0 bytes, Stack size 0 bytes, startup_sam3xa.o(.text))
<BR>[Address Reference Count : 1]<UL><LI> startup_sam3xa.o(RESET)
</UL>
<P><STRONG><a name="[2d]"></a>TC8_IRQHandler</STRONG> (Thumb, 0 bytes, Stack size 0 bytes, startup_sam3xa.o(.text))
<BR>[Address Reference Count : 1]<UL><LI> startup_sam3xa.o(RESET)
</UL>
<P><STRONG><a name="[33]"></a>TRNG_IRQHandler</STRONG> (Thumb, 0 bytes, Stack size 0 bytes, startup_sam3xa.o(.text))
<BR>[Address Reference Count : 1]<UL><LI> startup_sam3xa.o(RESET)
</UL>
<P><STRONG><a name="[20]"></a>TWI0_IRQHandler</STRONG> (Thumb, 0 bytes, Stack size 0 bytes, startup_sam3xa.o(.text))
<BR>[Address Reference Count : 1]<UL><LI> startup_sam3xa.o(RESET)
</UL>
<P><STRONG><a name="[21]"></a>TWI1_IRQHandler</STRONG> (Thumb, 0 bytes, Stack size 0 bytes, startup_sam3xa.o(.text))
<BR>[Address Reference Count : 1]<UL><LI> startup_sam3xa.o(RESET)
</UL>
<P><STRONG><a name="[12]"></a>UART_IRQHandler</STRONG> (Thumb, 0 bytes, Stack size 0 bytes, startup_sam3xa.o(.text))
<BR>[Address Reference Count : 1]<UL><LI> startup_sam3xa.o(RESET)
</UL>
<P><STRONG><a name="[32]"></a>UOTGHS_IRQHandler</STRONG> (Thumb, 0 bytes, Stack size 0 bytes, startup_sam3xa.o(.text))
<BR>[Address Reference Count : 1]<UL><LI> startup_sam3xa.o(RESET)
</UL>
<P><STRONG><a name="[1b]"></a>USART0_IRQHandler</STRONG> (Thumb, 0 bytes, Stack size 0 bytes, startup_sam3xa.o(.text))
<BR>[Address Reference Count : 1]<UL><LI> startup_sam3xa.o(RESET)
</UL>
<P><STRONG><a name="[1c]"></a>USART1_IRQHandler</STRONG> (Thumb, 0 bytes, Stack size 0 bytes, startup_sam3xa.o(.text))
<BR>[Address Reference Count : 1]<UL><LI> startup_sam3xa.o(RESET)
</UL>
<P><STRONG><a name="[1d]"></a>USART2_IRQHandler</STRONG> (Thumb, 0 bytes, Stack size 0 bytes, startup_sam3xa.o(.text))
<BR>[Address Reference Count : 1]<UL><LI> startup_sam3xa.o(RESET)
</UL>
<P><STRONG><a name="[1e]"></a>USART3_IRQHandler</STRONG> (Thumb, 0 bytes, Stack size 0 bytes, startup_sam3xa.o(.text))
<BR>[Address Reference Count : 1]<UL><LI> startup_sam3xa.o(RESET)
</UL>
<P><STRONG><a name="[e]"></a>WDT_IRQHandler</STRONG> (Thumb, 0 bytes, Stack size 0 bytes, startup_sam3xa.o(.text))
<BR>[Address Reference Count : 1]<UL><LI> startup_sam3xa.o(RESET)
</UL>
<P><STRONG><a name="[38]"></a>__user_initial_stackheap</STRONG> (Thumb, 0 bytes, Stack size unknown bytes, startup_sam3xa.o(.text), UNUSED)

<P><STRONG><a name="[39]"></a>__use_two_region_memory</STRONG> (Thumb, 2 bytes, Stack size 0 bytes, heapauxi.o(.text), UNUSED)

<P><STRONG><a name="[3a]"></a>__rt_heap_escrow$2region</STRONG> (Thumb, 2 bytes, Stack size 0 bytes, heapauxi.o(.text), UNUSED)

<P><STRONG><a name="[3b]"></a>__rt_heap_expand$2region</STRONG> (Thumb, 2 bytes, Stack size 0 bytes, heapauxi.o(.text), UNUSED)

<P><STRONG><a name="[3c]"></a>SystemInit</STRONG> (Thumb, 152 bytes, Stack size 0 bytes, system_sam3xa.o(.text.SystemInit), UNUSED)

<P><STRONG><a name="[37]"></a>__main</STRONG> (Thumb, 0 bytes, Stack size unknown bytes, q5_2.o(myCode))
<BR>[Address Reference Count : 1]<UL><LI> startup_sam3xa.o(.text)
</UL><P>
<H3>
Local Symbols
</H3><P>
<H3>
Undefined Global Symbols
</H3><HR></body></html>
